18:21:45 **** Incremental Build of configuration Debug for project ECU-Test ****
make -j11 all 
arm-none-eabi-gcc "../Core/Src/main.c" -mcpu=cortex-m7 -std=gnu11 -g3 -DDEBUG -DUSE_HAL_DRIVER -DSTM32H723xx -c -I../Core/Inc -I../Drivers/STM32H7xx_HAL_Driver/Inc -I../Drivers/STM32H7xx_HAL_Driver/Inc/Legacy -I../Drivers/CMSIS/Device/ST/STM32H7xx/Include -I../Drivers/CMSIS/Include -O0 -ffunction-sections -fdata-sections -Wall -fstack-usage -fcyclomatic-complexity -MMD -MP -MF"Core/Src/main.d" -MT"Core/Src/main.o" --specs=nano.specs -mfpu=fpv5-d16 -mfloat-abi=hard -mthumb -o "Core/Src/main.o"
arm-none-eabi-gcc -o "ECU-Test.elf" @"objects.list"   -mcpu=cortex-m7 -T"/Users/joeytelaak/Library/Mobile Documents/com~apple~CloudDocs/Documents/Projects/AutoCart Rev2/Drive Computer/Components/GolfCart-ECU/code/ECU-Test/STM32H723ZGTX_FLASH.ld" --specs=nosys.specs -Wl,-Map="ECU-Test.map" -Wl,--gc-sections -static --specs=nano.specs -mfpu=fpv5-d16 -mfloat-abi=hard -mthumb -Wl,--start-group -lc -lm -Wl,--end-group
Finished building target: ECU-Test.elf
 
arm-none-eabi-size   ECU-Test.elf 
arm-none-eabi-objdump -h -S  ECU-Test.elf  > "ECU-Test.list"
   text	   data	    bss	    dec	    hex	filename
  37728	     24	   2440	  40192	   9d00	ECU-Test.elf
Finished building: default.size.stdout
 
Finished building: ECU-Test.list
 

18:21:46 Build Finished. 0 errors, 0 warnings. (took 1s.129ms)

